// Jest Snapshot v1, https://goo.gl/fbAQLP

exports[`ColorControls component renders ColorControls 1`] = `
<DocumentFragment>
  <label
    for="bgColor"
  >
    Background Color
  </label>
  <input
    id="bgColor"
    name="bgColor"
    type="color"
    value="#FF0000"
  />
  <label
    for="fgColor"
  >
    Foreground Color
  </label>
  <input
    id="fgColor"
    name="fgColor"
    type="color"
    value="#0000FF"
  />
  <label
    for="text"
  >
    Text
  </label>
  <input
    id="text"
    name="text"
    type="text"
    value="Hello!"
  />
</DocumentFragment>
`;
